------------------------------------------------------------
TimeQuest Timing Analyzer Summary
------------------------------------------------------------

Type  : Slow 1200mV 85C Model Setup 'SMA_CLKIN'
Slack : -2.274
TNS   : -10.723

Type  : Slow 1200mV 85C Model Setup 'CLOCK_50'
Slack : -0.235
TNS   : -0.235

Type  : Slow 1200mV 85C Model Hold 'CLOCK_50'
Slack : 0.402
TNS   : 0.000

Type  : Slow 1200mV 85C Model Hold 'SMA_CLKIN'
Slack : 0.403
TNS   : 0.000

Type  : Slow 1200mV 85C Model Recovery 'SMA_CLKIN'
Slack : 0.650
TNS   : 0.000

Type  : Slow 1200mV 85C Model Removal 'SMA_CLKIN'
Slack : -0.315
TNS   : -3.143

Type  : Slow 1200mV 85C Model Minimum Pulse Width 'SMA_CLKIN'
Slack : -3.000
TNS   : -15.850

Type  : Slow 1200mV 85C Model Minimum Pulse Width 'CLOCK_50'
Slack : -3.000
TNS   : -8.140

Type  : Slow 1200mV 0C Model Setup 'SMA_CLKIN'
Slack : -1.965
TNS   : -8.853

Type  : Slow 1200mV 0C Model Setup 'CLOCK_50'
Slack : -0.107
TNS   : -0.107

Type  : Slow 1200mV 0C Model Hold 'SMA_CLKIN'
Slack : 0.353
TNS   : 0.000

Type  : Slow 1200mV 0C Model Hold 'CLOCK_50'
Slack : 0.354
TNS   : 0.000

Type  : Slow 1200mV 0C Model Recovery 'SMA_CLKIN'
Slack : 0.707
TNS   : 0.000

Type  : Slow 1200mV 0C Model Removal 'SMA_CLKIN'
Slack : -0.292
TNS   : -2.913

Type  : Slow 1200mV 0C Model Minimum Pulse Width 'SMA_CLKIN'
Slack : -3.000
TNS   : -15.850

Type  : Slow 1200mV 0C Model Minimum Pulse Width 'CLOCK_50'
Slack : -3.000
TNS   : -8.140

Type  : Fast 1200mV 0C Model Setup 'SMA_CLKIN'
Slack : -0.563
TNS   : -1.606

Type  : Fast 1200mV 0C Model Setup 'CLOCK_50'
Slack : 0.378
TNS   : 0.000

Type  : Fast 1200mV 0C Model Hold 'CLOCK_50'
Slack : 0.178
TNS   : 0.000

Type  : Fast 1200mV 0C Model Hold 'SMA_CLKIN'
Slack : 0.182
TNS   : 0.000

Type  : Fast 1200mV 0C Model Recovery 'SMA_CLKIN'
Slack : 0.763
TNS   : 0.000

Type  : Fast 1200mV 0C Model Removal 'SMA_CLKIN'
Slack : -0.159
TNS   : -1.590

Type  : Fast 1200mV 0C Model Minimum Pulse Width 'SMA_CLKIN'
Slack : -3.000
TNS   : -16.256

Type  : Fast 1200mV 0C Model Minimum Pulse Width 'CLOCK_50'
Slack : -3.000
TNS   : -7.997

------------------------------------------------------------
